==> Making package: amass 4.2.1-1 (Mon Feb  9 13:12:08 2026)
==> Checking runtime dependencies...
==> Checking buildtime dependencies...
==> Installing missing dependencies...
resolving dependencies...
looking for conflicting packages...

Package (1)  New Version  Net Change

extra/go     2:1.25.7-1   191.63 MiB

Total Installed Size:  191.63 MiB

:: Proceed with installation? [Y/n] 
checking keyring...
checking package integrity...
loading package files...
checking for file conflicts...
:: Processing package changes...
installing go...
:: Running post-transaction hooks...
(1/1) Arming ConditionNeedsUpdate...
==> Retrieving sources...
==> Extracting sources...
==> Starting prepare()...
Amass: download URL unavailable; skipping download in CI.
==> Removing existing $pkgdir/ directory...
==> Starting build()...
==> Entering fakeroot environment...
==> Starting package()...
==> Tidying install...
  -> Removing libtool files...
  -> Removing static library files...
  -> Purging unwanted files...
  -> Stripping unneeded symbols from binaries and libraries...
  -> Compressing man and info pages...
==> Checking for packaging issues...
==> Creating package "amass"...
  -> Generating .PKGINFO file...
  -> Generating .BUILDINFO file...
  -> Generating .MTREE file...
  -> Compressing package...
==> Leaving fakeroot environment.
==> Finished making: amass 4.2.1-1 (Mon Feb  9 13:12:15 2026)
